version https://git-lfs.github.com/spec/v1
oid sha256:3306878e3dd654c2e2c8292e613a3e40e4feae48f7856dc9ab783cca0d890536
size 9170
