version https://git-lfs.github.com/spec/v1
oid sha256:9a13e0c226b434d07e9b5f438d5667bb1a4a9d89ede102941c54aa4076498a55
size 6645
