version https://git-lfs.github.com/spec/v1
oid sha256:33f1f7cdbd644fe9d7b74b90145a709cefdf1b3b30ef95a0e5389059adff9110
size 32178
