version https://git-lfs.github.com/spec/v1
oid sha256:4f4072929e1500a1bed730b0a5ae1813ead9ec62fed7deb29250b9816a90e080
size 281403
