version https://git-lfs.github.com/spec/v1
oid sha256:79952f2f4c6565a57de8c32cfd1ee05936f743ad469009b9ae6d7ec97644c7f8
size 47062
