version https://git-lfs.github.com/spec/v1
oid sha256:7261b6acaa453690adc2f25115e733f45316cee9ce9e188f098f27b10541c911
size 402463
